// Jest Snapshot v1, https://goo.gl/fbAQLP

exports[`<PageView /> should render PageView component 1`] = `
<DocumentFragment>
  <div
    class="app"
  >
    <header
      class="appHeader"
    >
      <h1
        class="appTitle"
      >
        Try to build something great
      </h1>
      <a
        class="headerLink"
        href="/"
      >
        Home
      </a>
      <a
        class="headerLink"
        href="/about"
      >
        About
      </a>
      <button
        class="toggleLanguage"
        data-testid="toggle-language-button"
        type="button"
      >
        en
      </button>
    </header>
    <h1>
      mock text
    </h1>
  </div>
</DocumentFragment>
`;
